// Jest Snapshot v1, https://goo.gl/fbAQLP

exports[`MixOverview should render correctly 1`] = `
<DocumentFragment>
  <div
    class="container mx-auto grid grid-cols-[repeat(auto-fit,minmax(250px,1fr))] gap-4"
  />
</DocumentFragment>
`;
